location: clients/tests/test-client.py:854:test_003()/28
cmd: $NMCLI -f ALL dev s eth0
lang: C
returncode: 0
stdout: 1272 bytes
>>>
DEVICE  TYPE      STATE        IP4-CONNECTIVITY  IP6-CONNECTIVITY  DBUS-PATH                                  CONNECTION  CON-UUID                              CON-PATH                                           
eth1    ethernet  unavailable  unknown           unknown           /org/freedesktop/NetworkManager/Devices/2  --          --                                    --                                                 
wlan0   wifi      unavailable  unknown           unknown           /org/freedesktop/NetworkManager/Devices/3  --          --                                    --                                                 
wlan1   wifi      unavailable  unknown           unknown           /org/freedesktop/NetworkManager/Devices/4  --          --                                    --                                                 
wlan1   wifi      unavailable  unknown           unknown           /org/freedesktop/NetworkManager/Devices/5  --          --                                    --                                                 
eth0    ethernet  unavailable  unknown           unknown           /org/freedesktop/NetworkManager/Devices/1  ethernet    UUID-ethernet-REPLACED-REPLACED-REPL  /org/freedesktop/NetworkManager/ActiveConnection/1 

<<<
stderr: 24 bytes
>>>
Unknown parameter: eth0

<<<
